// Jest Snapshot v1, https://goo.gl/fbAQLP

exports[`renders homepage unchanged 1`] = `
[
  <section
    className="copy"
  >
    <div
      className="copyInner"
    >
      <a
        href="https://github.com/jvidalv/nextal"
      >
        <button
          className="button"
        >
          Visit on Github
        </button>
      </a>
      <div
        className="button"
        onClick={[Function]}
        role="button"
        title="Click to copy to clipboard"
      >
        <span
          className="buttonInner"
        >
          <span
            aria-hidden="true"
            className="dollar"
          >
            $
             
          </span>
          npx degit jvidalv/nextal my-nextjs-app
        </span>
        <span
          className="srOnly"
        >
          (click to copy to clipboard)
        </span>
        <div>
          <svg
            aria-hidden="true"
            className="icon"
            fill="none"
            stroke="currentColor"
            strokeWidth={1.5}
            viewBox="0 0 24 24"
            xmlns="http://www.w3.org/2000/svg"
          >
            <path
              d="M15.75 17.25v3.375c0 .621-.504 1.125-1.125 1.125h-9.75a1.125 1.125 0 01-1.125-1.125V7.875c0-.621.504-1.125 1.125-1.125H6.75a9.06 9.06 0 011.5.124m7.5 10.376h3.375c.621 0 1.125-.504 1.125-1.125V11.25c0-4.46-3.243-8.161-7.5-8.876a9.06 9.06 0 00-1.5-.124H9.375c-.621 0-1.125.504-1.125 1.125v3.5m7.5 10.375H9.375a1.125 1.125 0 01-1.125-1.125v-9.25m12 6.625v-1.875a3.375 3.375 0 00-3.375-3.375h-1.5a1.125 1.125 0 01-1.125-1.125v-1.5a3.375 3.375 0 00-3.375-3.375H9.75"
              strokeLinecap="round"
              strokeLinejoin="round"
            />
          </svg>
        </div>
      </div>
    </div>
  </section>,
  <section
    className="features"
  >
    <div
      className="feature"
    >
      <a
        className="feature"
        href="https://nextjs.org/"
      >
        <h2
          className="title"
        >
          Next
           →
        </h2>
        <p
          className="description"
        >
          Best developer experience with all the features you need for production: hybrid static & server rendering
        </p>
      </a>
    </div>
    <div
      className="feature"
    >
      <a
        className="feature"
        href="https://reactjs.org/"
      >
        <h2
          className="title"
        >
          React
           →
        </h2>
        <p
          className="description"
        >
          JavaScript library for building user interfaces.
        </p>
      </a>
    </div>
    <div
      className="feature"
    >
      <a
        className="feature"
        href="https://www.typescriptlang.org/"
      >
        <h2
          className="title"
        >
          TypeScript
           →
        </h2>
        <p
          className="description"
        >
          Strongly typed programming language that builds on JavaScript.
        </p>
      </a>
    </div>
    <div
      className="feature"
    >
      <a
        className="feature"
        href="https://tailwindcss.com/"
      >
        <h2
          className="title"
        >
          Tailwind with JIT
           →
        </h2>
        <p
          className="description"
        >
          A utility-first CSS framework packed with classes.
        </p>
      </a>
    </div>
    <div
      className="feature"
    >
      <a
        className="feature"
        href="https://jestjs.io/"
      >
        <h2
          className="title"
        >
          Jest
           →
        </h2>
        <p
          className="description"
        >
          Testing Framework with a focus on simplicity.
        </p>
      </a>
    </div>
    <div
      className="feature"
    >
      <a
        className="feature"
        href="https://tailwindcss.com/docs/dark-mode"
      >
        <h2
          className="title"
        >
          Dark Mode
           →
        </h2>
        <p
          className="description"
        >
          Dark theme support for CSS-Modules and Tailwind.
        </p>
      </a>
    </div>
    <div
      className="feature"
    >
      <a
        className="feature"
        href="https://github.com/css-modules/css-modules"
      >
        <h2
          className="title"
        >
          CSS Modules
           →
        </h2>
        <p
          className="description"
        >
          CSS file in which all class names and animation names are scoped locally by default.
        </p>
      </a>
    </div>
    <div
      className="feature"
    >
      <a
        className="feature"
        href="https://eslint.org/"
      >
        <h2
          className="title"
        >
          ESLint
           →
        </h2>
        <p
          className="description"
        >
          Find and fix problems in your JavaScript code.
        </p>
      </a>
    </div>
    <div
      className="feature"
    >
      <a
        className="feature"
        href="https://prettier.io/"
      >
        <h2
          className="title"
        >
          Prettier
           →
        </h2>
        <p
          className="description"
        >
          An opinionated code formatter.
        </p>
      </a>
    </div>
    <div
      className="feature"
    >
      <a
        className="feature"
        href="https://github.com/typicode/husky"
      >
        <h2
          className="title"
        >
          Husky
           →
        </h2>
        <p
          className="description"
        >
          Lint your commit messages, run tests, lint code, etc... when you commit or push.
        </p>
      </a>
    </div>
    <div
      className="feature"
    >
      <a
        className="feature"
        href="https://github.com/conventional-changelog/commitlint"
      >
        <h2
          className="title"
        >
          Commit-lint
           →
        </h2>
        <p
          className="description"
        >
          Helps your team adhering to a commit convention.
        </p>
      </a>
    </div>
    <div
      className="feature"
    >
      <a
        className="feature"
        href="https://bradfrost.com/blog/post/atomic-web-design/"
      >
        <h2
          className="title"
        >
          Atomic design
           →
        </h2>
        <p
          className="description"
        >
          We’re not designing pages, we’re designing systems of components.
        </p>
      </a>
    </div>
    <div
      className="feature"
    >
      <a
        className="feature"
        href="https://github.com/vitejs/vite/issues/88#issuecomment-762415200"
      >
        <h2
          className="title"
        >
          Absolute imports
           →
        </h2>
        <p
          className="description"
        >
          Import resource using its full path from the project’s src folder.
        </p>
      </a>
    </div>
  </section>,
]
`;
